../Core/Src/Gearbox.c:15:6:gearboxInit	16	static
../Core/Src/Gearbox.c:36:6:updateGearADC	16	static
../Core/Src/Gearbox.c:41:6:updateGear	16	static
../Core/Src/Gearbox.c:70:6:processCallback	16	static
../Core/Src/Gearbox.c:132:6:startUpshiftCallback	16	static
../Core/Src/Gearbox.c:155:6:upshiftFromNeutral	16	static
../Core/Src/Gearbox.c:165:6:upshiftGearCut	16	static
../Core/Src/Gearbox.c:176:6:upshiftFinish	16	static
../Core/Src/Gearbox.c:189:6:startDownshiftCallback	16	static
../Core/Src/Gearbox.c:220:6:downshiftToNeutral	16	static
../Core/Src/Gearbox.c:231:6:downshiftRevMatch	16	static
../Core/Src/Gearbox.c:242:6:downshiftFinish	16	static
../Core/Src/Gearbox.c:255:6:openLoop_upshift_gearCut	16	static
../Core/Src/Gearbox.c:266:6:openLoop_upshift_finish	16	static
../Core/Src/Gearbox.c:279:6:openLoop_downshift_clutch	16	static
../Core/Src/Gearbox.c:290:6:openLoop_downshift_finish	16	static
../Core/Src/Gearbox.c:303:6:startUpshift	16	static
../Core/Src/Gearbox.c:308:6:startDownshift	16	static
../Core/Src/Gearbox.c:314:6:clutch	16	static
../Core/Src/Gearbox.c:320:6:isShiftinProgress	16	static
../Core/Src/Gearbox.c:328:13:getTimeout	16	static
